C51 COMPILER V9.60.0.0   MAIN                                                              06/25/2022 11:47:41 PAGE 1   


C51 COMPILER V9.60.0.0, COMPILATION OF MODULE MAIN
OBJECT MODULE PLACED IN .\Objects\main.obj
COMPILER INVOKED BY: C:\Keil_v5\C51\BIN\C51.EXE main.c OPTIMIZE(8,SPEED) BROWSE DEBUG OBJECTEXTEND PRINT(.\Listings\main
                    -.lst) TABS(2) OBJECT(.\Objects\main.obj)

line level    source

   1          #include <REGX51.H>
   2          #include <MyHeader.h>
   3          #define TX_CAPACITY 6
   4          unsigned char tx_data[TX_CAPACITY];
   5          
   6          unsigned int i;
   7          unsigned int Rx_Addr = 0,one_time = 1;
   8          unsigned char Rx_Data[5];
   9          unsigned int count = 0;
  10          
  11          void serial_isr() interrupt 4 {
  12   1        unsigned char receivedChar;
  13   1        if (RI == 1) {
  14   2          RI = 0; // Clear the Receive interrupt flag
  15   2          receivedChar = SBUF; // get character in var  
  16   2          //    if (Rx_Addr >= 6) Rx_Addr=0;
  17   2          //    Rx_Data[Rx_Addr++] = receivedChar; //working
  18   2          if (Rx_Addr >= 6) Rx_Addr=0;
  19   2          else{
  20   3            Rx_Data[Rx_Addr++] = receivedChar; //working
  21   3            if(Rx_Data[0] != 0xA5) Rx_Addr=0;       
  22   3          }
  23   2        }
  24   1      }
  25          
  26          void timer0_isr() interrupt 1
  27          {
  28   1        TH0 = 0x4B;
  29   1        TL0 = 0xFD;
  30   1        count++;
  31   1      }
  32          
  33          void main() {
  34   1        Int_Uart();
  35   1      
  36   1        P1 = 0x00; // OUTPUT PORT
  37   1        P2 = 0x00; // OUTPUT PORT
  38   1        P0 = 0xFF; // INPUT PORT
  39   1        Port3_Init();
  40   1      
  41   1        while (1) {
  42   2          if(count>=10){
  43   3          tx_data[0] = IDENTITY_BYTE;
  44   3          tx_data[1] = START_BYTE;
  45   3          tx_data[2] = P0;
  46   3          tx_data[3] = P3;
  47   3          tx_data[4] = CHECKSUM(tx_data[2], tx_data[3]);
  48   3          tx_data[5] = END_BYTE;
  49   3          //Tx_string(tx_data);
  50   3            Tx_char(tx_data[0]);
  51   3            Tx_char(tx_data[1]);
  52   3            Tx_char(tx_data[2]);
  53   3            Tx_char(tx_data[3]);
  54   3            Tx_char(tx_data[4]);
C51 COMPILER V9.60.0.0   MAIN                                                              06/25/2022 11:47:41 PAGE 2   

  55   3            Tx_char(tx_data[5]);
  56   3            count=0;
  57   3          }
  58   2          
  59   2            Delay(10);
  60   2          if (Rx_Addr != 0){  
  61   3            if (Rx_Data[0] == IDENTITY_BYTE) {
  62   4              if (Rx_Data[1] == START_BYTE) {
  63   5                unsigned char temp = CHECKSUM(Rx_Data[2], Rx_Data[3]);
  64   5                if ((Rx_Data[4] == temp) && (Rx_Data[5] == END_BYTE)) {
  65   6                  P1 = Rx_Data[2];
  66   6                  P2 = Rx_Data[3];
  67   6                  Tx_string("WORKING");
  68   6                  memset(Rx_Data, '\0', 6 * sizeof(char));
  69   6                } 
  70   5                else {
  71   6                  Tx_char(temp);
  72   6                  Tx_char(Rx_Data[4]);
  73   6                  Tx_char(Rx_Data[5]);
  74   6                  Rx_Addr=0;
  75   6                  Tx_string("WRONG CHECKSUM or END_BYTE");
  76   6                  memset(Rx_Data, '\0', 6 * sizeof(char));
  77   6                }
  78   5              } 
  79   4              else {
  80   5                Rx_Addr=0;
  81   5                Tx_string("WRONG START_BYTE");
  82   5                memset(Rx_Data, '\0', 6 * sizeof(char));
  83   5              }
  84   4            }
  85   3            else
  86   3            {
  87   4              Tx_char(Rx_Data[0]);
  88   4              Rx_Addr=0;
  89   4              Tx_string("IDENTITY WRONG");
  90   4              memset(Rx_Data, '\0', 6 * sizeof(char));
  91   4            }
  92   3            Rx_Addr=0;
  93   3            memset(Rx_Data, '\0', 6 * sizeof(char));
  94   3          }
  95   2        }
  96   1      }


MODULE INFORMATION:   STATIC OVERLAYABLE
   CODE SIZE        =    318    ----
   CONSTANT SIZE    =     67    ----
   XDATA SIZE       =   ----    ----
   PDATA SIZE       =   ----    ----
   DATA SIZE        =     19       1
   IDATA SIZE       =   ----    ----
   BIT SIZE         =   ----    ----
END OF MODULE INFORMATION.


C51 COMPILATION COMPLETE.  0 WARNING(S),  0 ERROR(S)
