C51 COMPILER V9.60.0.0   INT_DEVICE                                                        06/23/2022 16:09:02 PAGE 1   


C51 COMPILER V9.60.0.0, COMPILATION OF MODULE INT_DEVICE
OBJECT MODULE PLACED IN .\Objects\Int_Device.obj
COMPILER INVOKED BY: C:\Keil_v5\C51\BIN\C51.EXE Int_Device.c OPTIMIZE(8,SPEED) BROWSE DEBUG OBJECTEXTEND PRINT(.\Listing
                    -s\Int_Device.lst) TABS(2) OBJECT(.\Objects\Int_Device.obj)

line level    source

   1          #ifndef _INT_DEVICE_H
   2          #define _INT_DEVICE_H
   3          #include <REGX51.H>
   4          
   5          #include <MyHeader.h>
   6          
   7          /********* UART Int ***************/
   8          void Int_Uart() {
   9   1        TMOD = 0x20; //use timer 1, 8 bit auto reload
  10   1        SCON = 0x50; // Mode 1, reception enable 
  11   1        PCON = 0x80; //enable SMOD register
  12   1        TH1 = 0xFD; //9600 baud rate
  13   1        //TH1 = 0xFE; //19200 baud rate
  14   1        TR1 = 1; //start timer for baud rate generate
  15   1        //  ES = 1; // enable serial interrupt
  16   1        //  EA = 1; // enable global interrupt bit
  17   1      }
  18          
  19          /******** TX Char ****************/
  20          void Tx_char(unsigned char Tx_Data) {
  21   1        SBUF = Tx_Data;
  22   1        while (TI == 0);
  23   1        TI = 0;
  24   1      }
  25          
  26          /*********TX STRING***************/
  27          void Tx_string(unsigned char * get_data) {
  28   1        unsigned int addr = 0;
  29   1        while ( * (get_data + addr) != '\0') {
  30   2          Tx_char( * (get_data + addr));
  31   2          addr++;
  32   2        }
  33   1      }
  34          
  35          /******** RX Char ****************/
  36          unsigned char Rx_char() {
  37   1        unsigned char Rx_Data;
  38   1        while (RI == 0);
  39   1        Rx_Data = SBUF;
  40   1        RI = 0;
  41   1        return (Rx_Data);
  42   1      }
  43          
  44          /********PORT 3 init***************/ //DON'T REMOVE. IF REMOVE SERIAL WILL NOT WORK
  45          void Port3_Init() {
  46   1        PORT3_PIN2 = 1;
  47   1        PORT3_PIN3 = 1;
  48   1        PORT3_PIN4 = 1;
  49   1        PORT3_PIN5 = 1;
  50   1        PORT3_PIN6 = 1;
  51   1        PORT3_PIN7 = 1;
  52   1      }
  53          
  54          void delay(unsigned int itime) {
C51 COMPILER V9.60.0.0   INT_DEVICE                                                        06/23/2022 16:09:02 PAGE 2   

  55   1        unsigned int i, j;
  56   1        for (i = 0; i < itime; i++) // this is For(); loop delay used to define delay value in Embedded C
  57   1        {
  58   2          for (j = 0; j < 1275; j++);
  59   2        }
  60   1      }
  61          
  62          #endif


MODULE INFORMATION:   STATIC OVERLAYABLE
   CODE SIZE        =    112    ----
   CONSTANT SIZE    =   ----    ----
   XDATA SIZE       =   ----    ----
   PDATA SIZE       =   ----    ----
   DATA SIZE        =   ----       3
   IDATA SIZE       =   ----    ----
   BIT SIZE         =   ----    ----
END OF MODULE INFORMATION.


C51 COMPILATION COMPLETE.  0 WARNING(S),  0 ERROR(S)
