BL51 BANKED LINKER/LOCATER V6.22.2.0                                                    06/23/2022  13:06:55  PAGE 1


BL51 BANKED LINKER/LOCATER V6.22.2.0, INVOKED BY:
C:\KEIL_V5\C51\BIN\BL51.EXE .\Objects\STARTUP.obj, .\Objects\main.obj, .\Objects\Int_Device.obj TO .\Objects\TEST_89s52 
>> PRINT (.\Listings\TEST_89s52.m51) RAMSIZE (256)


MEMORY MODEL: SMALL


INPUT MODULES INCLUDED:
  .\Objects\STARTUP.obj (?C_STARTUP)
  .\Objects\main.obj (MAIN)
  .\Objects\Int_Device.obj (INT_DEVICE)
  C:\KEIL_V5\C51\LIB\C51S.LIB (?C?CLDOPTR)


LINK MAP OF MODULE:  .\Objects\TEST_89s52 (?C_STARTUP)


            TYPE    BASE      LENGTH    RELOCATION   SEGMENT NAME
            -----------------------------------------------------

            * * * * * * *   D A T A   M E M O R Y   * * * * * * *
            REG     0000H     0008H     ABSOLUTE     "REG BANK 0"
            DATA    0008H     0006H     UNIT         ?DT?MAIN
            DATA    000EH     0003H     UNIT         _DATA_GROUP_
            IDATA   0011H     0001H     UNIT         ?STACK

            * * * * * * *   C O D E   M E M O R Y   * * * * * * *
            CODE    0000H     0003H     ABSOLUTE     
                    0003H     07FDH                  *** GAP ***
            CODE    0800H     0031H     UNIT         ?PR?MAIN?MAIN
            CODE    0831H     002DH     UNIT         ?C?LIB_CODE
            CODE    085EH     0024H     UNIT         ?PR?_TX_STRING?INT_DEVICE
            CODE    0882H     0020H     UNIT         ?PR?_DELAY?INT_DEVICE
            CODE    08A2H     000FH     UNIT         ?PR?INT_UART?INT_DEVICE
            CODE    08B1H     000DH     UNIT         ?PR?PORT3_INIT?INT_DEVICE
            CODE    08BEH     000CH     UNIT         ?C_C51STARTUP
            CODE    08CAH     0008H     UNIT         ?PR?_TX_CHAR?INT_DEVICE
            CODE    08D2H     0008H     UNIT         ?PR?RX_CHAR?INT_DEVICE



OVERLAY MAP OF MODULE:   .\Objects\TEST_89s52 (?C_STARTUP)


SEGMENT                             DATA_GROUP 
  +--> CALLED SEGMENT             START    LENGTH
-------------------------------------------------
?C_C51STARTUP                     -----    -----
  +--> ?PR?MAIN?MAIN

?PR?MAIN?MAIN                     -----    -----
  +--> ?PR?INT_UART?INT_DEVICE
  +--> ?PR?PORT3_INIT?INT_DEVICE
  +--> ?PR?_TX_STRING?INT_DEVICE
  +--> ?PR?_DELAY?INT_DEVICE

?PR?_TX_STRING?INT_DEVICE         000EH    0003H
BL51 BANKED LINKER/LOCATER V6.22.2.0                                                  06/23/2022  13:06:55  PAGE 2


  +--> ?PR?_TX_CHAR?INT_DEVICE



SYMBOL TABLE OF MODULE:  .\Objects\TEST_89s52 (?C_STARTUP)

  VALUE           TYPE          NAME
  ----------------------------------

  -------         MODULE        ?C_STARTUP
  C:08BEH         SEGMENT       ?C_C51STARTUP
  I:0011H         SEGMENT       ?STACK
  C:0000H         PUBLIC        ?C_STARTUP
  D:00E0H         SYMBOL        ACC
  D:00F0H         SYMBOL        B
  D:0083H         SYMBOL        DPH
  D:0082H         SYMBOL        DPL
  N:0000H         SYMBOL        IBPSTACK
  N:0100H         SYMBOL        IBPSTACKTOP
  N:0080H         SYMBOL        IDATALEN
  C:08C1H         SYMBOL        IDATALOOP
  N:0000H         SYMBOL        PBPSTACK
  N:0100H         SYMBOL        PBPSTACKTOP
  N:0000H         SYMBOL        PDATALEN
  N:0000H         SYMBOL        PDATASTART
  N:0000H         SYMBOL        PPAGE
  N:0000H         SYMBOL        PPAGEENABLE
  D:00A0H         SYMBOL        PPAGE_SFR
  D:0081H         SYMBOL        SP
  C:08BEH         SYMBOL        STARTUP1
  N:0000H         SYMBOL        XBPSTACK
  N:0000H         SYMBOL        XBPSTACKTOP
  N:0000H         SYMBOL        XDATALEN
  N:0000H         SYMBOL        XDATASTART
  C:0000H         LINE#         126
  C:08BEH         LINE#         133
  C:08C0H         LINE#         134
  C:08C1H         LINE#         135
  C:08C2H         LINE#         136
  C:08C4H         LINE#         185
  C:08C7H         LINE#         196
  -------         ENDMOD        ?C_STARTUP

  -------         MODULE        MAIN
  C:0000H         SYMBOL        _ICE_DUMMY_
  D:0080H         PUBLIC        P0
  D:00B0H         PUBLIC        P3
  C:0800H         PUBLIC        main
  D:0008H         PUBLIC        tx_data
  -------         PROC          MAIN
  C:0800H         LINE#         6
  C:0800H         LINE#         7
  C:0803H         LINE#         8
  C:0806H         LINE#         9
  C:0809H         LINE#         10
  C:0809H         LINE#         11
  C:080CH         LINE#         12
BL51 BANKED LINKER/LOCATER V6.22.2.0                                                  06/23/2022  13:06:55  PAGE 3


  C:080FH         LINE#         13
  C:0812H         LINE#         14
  C:0815H         LINE#         15
  C:081CH         LINE#         16
  C:081FH         LINE#         17
  C:0828H         LINE#         18
  C:082FH         LINE#         19
  -------         ENDPROC       MAIN
  -------         ENDMOD        MAIN

  -------         MODULE        INT_DEVICE
  C:0000H         SYMBOL        _ICE_DUMMY_
  D:00B0H         PUBLIC        P3
  C:0882H         PUBLIC        _delay
  B:0098H.0       PUBLIC        RI
  B:0098H.1       PUBLIC        TI
  C:08A2H         PUBLIC        Int_Uart
  D:0099H         PUBLIC        SBUF
  D:0087H         PUBLIC        PCON
  D:0098H         PUBLIC        SCON
  D:0089H         PUBLIC        TMOD
  C:085EH         PUBLIC        _Tx_string
  C:08D2H         PUBLIC        Rx_char
  C:08CAH         PUBLIC        _Tx_char
  D:008DH         PUBLIC        TH1
  C:08B1H         PUBLIC        Port3_Init
  B:0088H.6       PUBLIC        TR1
  B:00B0H.2       PUBLIC        PORT3_PIN2
  B:00B0H.3       PUBLIC        PORT3_PIN3
  B:00B0H.4       PUBLIC        PORT3_PIN4
  B:00B0H.5       PUBLIC        PORT3_PIN5
  B:00B0H.6       PUBLIC        PORT3_PIN6
  B:00B0H.7       PUBLIC        PORT3_PIN7
  -------         PROC          INT_UART
  C:08A2H         LINE#         8
  C:08A2H         LINE#         9
  C:08A5H         LINE#         10
  C:08A8H         LINE#         11
  C:08ABH         LINE#         12
  C:08AEH         LINE#         14
  C:08B0H         LINE#         17
  -------         ENDPROC       INT_UART
  -------         PROC          _TX_CHAR
  D:0007H         SYMBOL        Tx_Data
  C:08CAH         LINE#         20
  C:08CAH         LINE#         21
  C:08CCH         LINE#         22
  C:08CFH         LINE#         23
  C:08D1H         LINE#         24
  -------         ENDPROC       _TX_CHAR
  -------         PROC          _TX_STRING
  D:000EH         SYMBOL        get_data
  -------         DO            
  D:0004H         SYMBOL        addr
  -------         ENDDO         
  C:085EH         LINE#         27
  C:0864H         LINE#         28
BL51 BANKED LINKER/LOCATER V6.22.2.0                                                  06/23/2022  13:06:55  PAGE 4


  C:0867H         LINE#         29
  C:0877H         LINE#         30
  C:087AH         LINE#         31
  C:087FH         LINE#         32
  C:0881H         LINE#         33
  -------         ENDPROC       _TX_STRING
  -------         PROC          RX_CHAR
  -------         DO            
  D:0007H         SYMBOL        Rx_Data
  -------         ENDDO         
  C:08D2H         LINE#         36
  C:08D2H         LINE#         38
  C:08D5H         LINE#         39
  C:08D7H         LINE#         40
  C:08D9H         LINE#         41
  C:08D9H         LINE#         42
  -------         ENDPROC       RX_CHAR
  -------         PROC          PORT3_INIT
  C:08B1H         LINE#         45
  C:08B1H         LINE#         46
  C:08B3H         LINE#         47
  C:08B5H         LINE#         48
  C:08B7H         LINE#         49
  C:08B9H         LINE#         50
  C:08BBH         LINE#         51
  C:08BDH         LINE#         52
  -------         ENDPROC       PORT3_INIT
  -------         PROC          _DELAY
  D:0006H         SYMBOL        itime
  -------         DO            
  D:0004H         SYMBOL        i
  D:0002H         SYMBOL        j
  -------         ENDDO         
  C:0882H         LINE#         54
  C:0882H         LINE#         56
  C:088CH         LINE#         57
  C:088CH         LINE#         58
  C:089AH         LINE#         59
  C:08A1H         LINE#         60
  -------         ENDPROC       _DELAY
  -------         ENDMOD        INT_DEVICE

  -------         MODULE        ?C?CLDOPTR
  C:0831H         PUBLIC        ?C?CLDOPTR
  -------         ENDMOD        ?C?CLDOPTR

*** WARNING L16: UNCALLED SEGMENT, IGNORED FOR OVERLAY PROCESS
    SEGMENT: ?PR?RX_CHAR?INT_DEVICE

******************************************************************************
* RESTRICTED VERSION WITH 0800H BYTE CODE SIZE LIMIT; USED: 00B0H BYTE ( 8%) *
******************************************************************************

Program Size: data=18.0 xdata=0 code=221
LINK/LOCATE RUN COMPLETE.  1 WARNING(S),  0 ERROR(S)
